[9084] On receive (ctrl) - [31mmon[39m[32mitor[39mId: 3e5e8426-5891-4256-8bda-b03bf6f14d67
