On receive ([34mCtrl[39m) - [34mmonitor[39mId: 3e5e8426-5891-4256-8bda-b03bf6f14d67
