On [1m[32m[42m[36mreceive[39m[49m[39m[22m ([36m[1m[32m[42mCtrl[49m[39m[22m[39m) - [1m[32m[42mmonitor[49m[39m[22m[36mId[39m: 3e5e8426-5891-4256-8bda-b03bf6f14d67