[9084] On receive (ctrl) - [32mmon[39m[31mitor[39m[32mId[39m: 3e5e8426-5891-4256-8bda-b03bf6f14d67
