[9084] On receive (ctrl) - mo[32mni[39m[31mtorId[39m: 3e5e8426-5891-4256-8bda-b03bf6f14d67
