On [32mreceive (Ctrl) -[39m monitorId: 3e5e8426-5891-4256-8bda-b03bf6f14d67