[1m[32mOn receive[39m[22m ([31m[1mCtrl[22m[39m) - [1m[32mmonitorId[39m[22m: 3e5e8426-5891-4256-8bda-b03bf6f14d67
