[32mOn receive[39m ([31mCtrl[39m) - [32mmonitorId[39m: 3e5e8426-5891-4256-8bda-b03bf6f14d67
