On [31mreceive[39m (Ctrl) - [34mmonitor[39mId: 3e5e8426-5891-4256-8bda-b03bf6f14d67
