On [31mreceive[39m ([31mCtrl[39m) - [34mmonitor[39m[31mId[39m: [31m3e5[39me8426-5891-4256-8bda-b03bf6f14d67
