[9084] On receive (ctrl) - [31mmonit[39m[32mor[39mId: 3e5e8426-5891-4256-8bda-b03bf6f14d67
