On receive ([1m[42m[31mCtrl[39m[49m[22m) - [1m[42m[34mmonitor[39m[49m[22mId: 3e5e8426-5891-4256-8bda-b03bf6f14d67