[9084] On receive ([31mctrl[39m) - [32mmonitorId[39m: 3e5e8426-5891-4256-8bda-b03bf6f14d67
