On [32m[1mreceive (Ctrl) -[22m[39m monitorId: 3e5e8426-5891-4256-8bda-b03bf6f14d67