On receive ([1m[42m[31mCtrl[39m[49m[22m) - monitorId: 3e5e8426-5891-4256-8bda-b03bf6f14d67