[9084] On receive (ctrl) - [32mmonit[39m[31morId[39m: 3e5e8426-5891-4256-8bda-b03bf6f14d67
